  Determining projects to restore...
  All projects are up-to-date for restore.
  HumanFortress.Core -> C:\Users\User\Desktop\humanfortress\TheFortressSimulation\src\HumanFortress.Core\bin\Release\net8.0\HumanFortress.Core.dll
  HumanFortress.Simulation -> C:\Users\User\Desktop\humanfortress\TheFortressSimulation\src\HumanFortress.Simulation\bin\Release\net8.0\HumanFortress.Simulation.dll
  HumanFortress.WorldGen -> C:\Users\User\Desktop\humanfortress\TheFortressSimulation\src\HumanFortress.WorldGen\bin\Release\net8.0\HumanFortress.WorldGen.dll
  HumanFortress.Navigation -> C:\Users\User\Desktop\humanfortress\TheFortressSimulation\src\HumanFortress.Navigation\bin\Release\net8.0\HumanFortress.Navigation.dll
C:\Users\User\Desktop\humanfortress\TheFortressSimulation\src\HumanFortress.App\GameStates\FortressPlayState.cs(159,37): warning CS8605: Unboxing a possibly null value. [C:\Users\User\Desktop\humanfortress\TheFortressSimulation\src\HumanFortress.App\HumanFortress.App.csproj]
C:\Users\User\Desktop\humanfortress\TheFortressSimulation\src\HumanFortress.App\GameStates\FortressPlayState.cs(160,36): warning CS8605: Unboxing a possibly null value. [C:\Users\User\Desktop\humanfortress\TheFortressSimulation\src\HumanFortress.App\HumanFortress.App.csproj]
C:\Users\User\Desktop\humanfortress\TheFortressSimulation\src\HumanFortress.App\Jobs\HaulJobSystem.cs(69,39): warning CS0618: 'ItemInstance.IsCarried' is obsolete: 'Use CarriedBy/EquippedBy instead' [C:\Users\User\Desktop\humanfortress\TheFortressSimulation\src\HumanFortress.App\HumanFortress.App.csproj]
C:\Users\User\Desktop\humanfortress\TheFortressSimulation\src\HumanFortress.App\Jobs\HaulJobSystem.cs(69,56): warning CS0618: 'ItemInstance.IsReserved' is obsolete: 'Use ReservationTokens instead' [C:\Users\User\Desktop\humanfortress\TheFortressSimulation\src\HumanFortress.App\HumanFortress.App.csproj]
C:\Users\User\Desktop\humanfortress\TheFortressSimulation\src\HumanFortress.App\Jobs\HaulJobSystem.cs(105,21): warning CS0618: 'ItemInstance.IsReserved' is obsolete: 'Use ReservationTokens instead' [C:\Users\User\Desktop\humanfortress\TheFortressSimulation\src\HumanFortress.App\HumanFortress.App.csproj]
C:\Users\User\Desktop\humanfortress\TheFortressSimulation\src\HumanFortress.App\Jobs\HaulJobSystem.cs(106,21): warning CS0618: 'ItemInstance.ReservedBy' is obsolete: 'Use ReservationTokens instead' [C:\Users\User\Desktop\humanfortress\TheFortressSimulation\src\HumanFortress.App\HumanFortress.App.csproj]
C:\Users\User\Desktop\humanfortress\TheFortressSimulation\src\HumanFortress.App\PhaseTests.cs(410,29): warning CS0618: 'FortressMap.ToSimulationWorld()' is obsolete: 'Use FillWorld(World) instead to preserve loaded definitions' [C:\Users\User\Desktop\humanfortress\TheFortressSimulation\src\HumanFortress.App\HumanFortress.App.csproj]
C:\Users\User\Desktop\humanfortress\TheFortressSimulation\src\HumanFortress.App\States\FortressState.cs(907,50): warning CS0618: 'ItemInstance.IsCarried' is obsolete: 'Use CarriedBy/EquippedBy instead' [C:\Users\User\Desktop\humanfortress\TheFortressSimulation\src\HumanFortress.App\HumanFortress.App.csproj]
C:\Users\User\Desktop\humanfortress\TheFortressSimulation\src\HumanFortress.App\States\FortressState.cs(887,29): warning CS8602: Dereference of a possibly null reference. [C:\Users\User\Desktop\humanfortress\TheFortressSimulation\src\HumanFortress.App\HumanFortress.App.csproj]
C:\Users\User\Desktop\humanfortress\TheFortressSimulation\src\HumanFortress.App\States\FortressState.cs(900,21): warning CS8604: Possible null reference argument for parameter 'obj' in 'void CellSurfaceEditor.SetGlyph(ISurface obj, int x, int y, int glyph, Color foreground, Color background)'. [C:\Users\User\Desktop\humanfortress\TheFortressSimulation\src\HumanFortress.App\HumanFortress.App.csproj]
C:\Users\User\Desktop\humanfortress\TheFortressSimulation\src\HumanFortress.App\States\FortressState.cs(923,25): warning CS8604: Possible null reference argument for parameter 'obj' in 'void CellSurfaceEditor.SetGlyph(ISurface obj, int x, int y, int glyph, Color foreground, Color background)'. [C:\Users\User\Desktop\humanfortress\TheFortressSimulation\src\HumanFortress.App\HumanFortress.App.csproj]
C:\Users\User\Desktop\humanfortress\TheFortressSimulation\src\HumanFortress.App\States\FortressState.cs(931,23): warning CS8602: Dereference of a possibly null reference. [C:\Users\User\Desktop\humanfortress\TheFortressSimulation\src\HumanFortress.App\HumanFortress.App.csproj]
C:\Users\User\Desktop\humanfortress\TheFortressSimulation\src\HumanFortress.App\States\FortressState.cs(958,23): warning CS8602: Dereference of a possibly null reference. [C:\Users\User\Desktop\humanfortress\TheFortressSimulation\src\HumanFortress.App\HumanFortress.App.csproj]
C:\Users\User\Desktop\humanfortress\TheFortressSimulation\src\HumanFortress.App\UI\UiRenderer.cs(858,66): warning CS0618: 'ItemInstance.IsCarried' is obsolete: 'Use CarriedBy/EquippedBy instead' [C:\Users\User\Desktop\humanfortress\TheFortressSimulation\src\HumanFortress.App\HumanFortress.App.csproj]
C:\Users\User\Desktop\humanfortress\TheFortressSimulation\src\HumanFortress.App\States\FortressState.cs(2005,71): warning CS8602: Dereference of a possibly null reference. [C:\Users\User\Desktop\humanfortress\TheFortressSimulation\src\HumanFortress.App\HumanFortress.App.csproj]
C:\Users\User\Desktop\humanfortress\TheFortressSimulation\src\HumanFortress.App\States\FortressState.cs(2024,67): warning CS8602: Dereference of a possibly null reference. [C:\Users\User\Desktop\humanfortress\TheFortressSimulation\src\HumanFortress.App\HumanFortress.App.csproj]
C:\Users\User\Desktop\humanfortress\TheFortressSimulation\src\HumanFortress.App\States\FortressState.cs(47,22): warning CS0414: The field 'FortressState._enhancedMouseHooked' is assigned but its value is never used [C:\Users\User\Desktop\humanfortress\TheFortressSimulation\src\HumanFortress.App\HumanFortress.App.csproj]
C:\Users\User\Desktop\humanfortress\TheFortressSimulation\src\HumanFortress.App\Jobs\HaulJobSystem.cs(311,23): warning CA2211: Non-constant fields should not be visible (https://learn.microsoft.com/dotnet/fundamentals/code-analysis/quality-rules/ca2211) [C:\Users\User\Desktop\humanfortress\TheFortressSimulation\src\HumanFortress.App\HumanFortress.App.csproj]
C:\Users\User\Desktop\humanfortress\TheFortressSimulation\src\HumanFortress.App\Jobs\HaulJobSystem.cs(312,23): warning CA2211: Non-constant fields should not be visible (https://learn.microsoft.com/dotnet/fundamentals/code-analysis/quality-rules/ca2211) [C:\Users\User\Desktop\humanfortress\TheFortressSimulation\src\HumanFortress.App\HumanFortress.App.csproj]
C:\Users\User\Desktop\humanfortress\TheFortressSimulation\src\HumanFortress.App\Jobs\HaulJobSystem.cs(313,23): warning CA2211: Non-constant fields should not be visible (https://learn.microsoft.com/dotnet/fundamentals/code-analysis/quality-rules/ca2211) [C:\Users\User\Desktop\humanfortress\TheFortressSimulation\src\HumanFortress.App\HumanFortress.App.csproj]
C:\Users\User\Desktop\humanfortress\TheFortressSimulation\src\HumanFortress.App\Jobs\HaulJobSystem.cs(310,23): warning CA2211: Non-constant fields should not be visible (https://learn.microsoft.com/dotnet/fundamentals/code-analysis/quality-rules/ca2211) [C:\Users\User\Desktop\humanfortress\TheFortressSimulation\src\HumanFortress.App\HumanFortress.App.csproj]
C:\Users\User\Desktop\humanfortress\TheFortressSimulation\src\HumanFortress.App\UI\ZonesUI.cs(451,36): warning CA1866: Use 'string.StartsWith(char)' instead of 'string.StartsWith(string)' when you have a string with a single char (https://learn.microsoft.com/dotnet/fundamentals/code-analysis/quality-rules/ca1866) [C:\Users\User\Desktop\humanfortress\TheFortressSimulation\src\HumanFortress.App\HumanFortress.App.csproj]
C:\Users\User\Desktop\humanfortress\TheFortressSimulation\src\HumanFortress.App\TestRunner.cs(231,20): warning CA1825: Avoid unnecessary zero-length array allocations.  Use Array.Empty<byte>() instead. (https://learn.microsoft.com/dotnet/fundamentals/code-analysis/quality-rules/ca1825) [C:\Users\User\Desktop\humanfortress\TheFortressSimulation\src\HumanFortress.App\HumanFortress.App.csproj]
C:\Users\User\Desktop\humanfortress\TheFortressSimulation\src\HumanFortress.App\Jobs\MiningJobSystem.cs(516,32): warning CA1845: Use span-based 'string.Concat' and 'AsSpan' instead of 'Substring' (https://learn.microsoft.com/dotnet/fundamentals/code-analysis/quality-rules/ca1845) [C:\Users\User\Desktop\humanfortress\TheFortressSimulation\src\HumanFortress.App\HumanFortress.App.csproj]
C:\Users\User\Desktop\humanfortress\TheFortressSimulation\src\HumanFortress.App\Jobs\MiningJobSystem.cs(518,32): warning CA1845: Use span-based 'string.Concat' and 'AsSpan' instead of 'Substring' (https://learn.microsoft.com/dotnet/fundamentals/code-analysis/quality-rules/ca1845) [C:\Users\User\Desktop\humanfortress\TheFortressSimulation\src\HumanFortress.App\HumanFortress.App.csproj]
C:\Users\User\Desktop\humanfortress\TheFortressSimulation\src\HumanFortress.App\Jobs\MiningJobSystem.cs(520,32): warning CA1845: Use span-based 'string.Concat' and 'AsSpan' instead of 'Substring' (https://learn.microsoft.com/dotnet/fundamentals/code-analysis/quality-rules/ca1845) [C:\Users\User\Desktop\humanfortress\TheFortressSimulation\src\HumanFortress.App\HumanFortress.App.csproj]
C:\Users\User\Desktop\humanfortress\TheFortressSimulation\src\HumanFortress.App\UI\UiRenderer.cs(1033,51): warning CA1845: Use span-based 'string.Concat' and 'AsSpan' instead of 'Substring' (https://learn.microsoft.com/dotnet/fundamentals/code-analysis/quality-rules/ca1845) [C:\Users\User\Desktop\humanfortress\TheFortressSimulation\src\HumanFortress.App\HumanFortress.App.csproj]
C:\Users\User\Desktop\humanfortress\TheFortressSimulation\src\HumanFortress.App\UI\UiRenderer.cs(1034,50): warning CA1845: Use span-based 'string.Concat' and 'AsSpan' instead of 'Substring' (https://learn.microsoft.com/dotnet/fundamentals/code-analysis/quality-rules/ca1845) [C:\Users\User\Desktop\humanfortress\TheFortressSimulation\src\HumanFortress.App\HumanFortress.App.csproj]
  HumanFortress.App -> C:\Users\User\Desktop\humanfortress\TheFortressSimulation\src\HumanFortress.App\bin\Release\net8.0\win-x64\HumanFortress.App.dll

Build succeeded.

C:\Users\User\Desktop\humanfortress\TheFortressSimulation\src\HumanFortress.App\GameStates\FortressPlayState.cs(159,37): warning CS8605: Unboxing a possibly null value. [C:\Users\User\Desktop\humanfortress\TheFortressSimulation\src\HumanFortress.App\HumanFortress.App.csproj]
C:\Users\User\Desktop\humanfortress\TheFortressSimulation\src\HumanFortress.App\GameStates\FortressPlayState.cs(160,36): warning CS8605: Unboxing a possibly null value. [C:\Users\User\Desktop\humanfortress\TheFortressSimulation\src\HumanFortress.App\HumanFortress.App.csproj]
C:\Users\User\Desktop\humanfortress\TheFortressSimulation\src\HumanFortress.App\Jobs\HaulJobSystem.cs(69,39): warning CS0618: 'ItemInstance.IsCarried' is obsolete: 'Use CarriedBy/EquippedBy instead' [C:\Users\User\Desktop\humanfortress\TheFortressSimulation\src\HumanFortress.App\HumanFortress.App.csproj]
C:\Users\User\Desktop\humanfortress\TheFortressSimulation\src\HumanFortress.App\Jobs\HaulJobSystem.cs(69,56): warning CS0618: 'ItemInstance.IsReserved' is obsolete: 'Use ReservationTokens instead' [C:\Users\User\Desktop\humanfortress\TheFortressSimulation\src\HumanFortress.App\HumanFortress.App.csproj]
C:\Users\User\Desktop\humanfortress\TheFortressSimulation\src\HumanFortress.App\Jobs\HaulJobSystem.cs(105,21): warning CS0618: 'ItemInstance.IsReserved' is obsolete: 'Use ReservationTokens instead' [C:\Users\User\Desktop\humanfortress\TheFortressSimulation\src\HumanFortress.App\HumanFortress.App.csproj]
C:\Users\User\Desktop\humanfortress\TheFortressSimulation\src\HumanFortress.App\Jobs\HaulJobSystem.cs(106,21): warning CS0618: 'ItemInstance.ReservedBy' is obsolete: 'Use ReservationTokens instead' [C:\Users\User\Desktop\humanfortress\TheFortressSimulation\src\HumanFortress.App\HumanFortress.App.csproj]
C:\Users\User\Desktop\humanfortress\TheFortressSimulation\src\HumanFortress.App\PhaseTests.cs(410,29): warning CS0618: 'FortressMap.ToSimulationWorld()' is obsolete: 'Use FillWorld(World) instead to preserve loaded definitions' [C:\Users\User\Desktop\humanfortress\TheFortressSimulation\src\HumanFortress.App\HumanFortress.App.csproj]
C:\Users\User\Desktop\humanfortress\TheFortressSimulation\src\HumanFortress.App\States\FortressState.cs(907,50): warning CS0618: 'ItemInstance.IsCarried' is obsolete: 'Use CarriedBy/EquippedBy instead' [C:\Users\User\Desktop\humanfortress\TheFortressSimulation\src\HumanFortress.App\HumanFortress.App.csproj]
C:\Users\User\Desktop\humanfortress\TheFortressSimulation\src\HumanFortress.App\States\FortressState.cs(887,29): warning CS8602: Dereference of a possibly null reference. [C:\Users\User\Desktop\humanfortress\TheFortressSimulation\src\HumanFortress.App\HumanFortress.App.csproj]
C:\Users\User\Desktop\humanfortress\TheFortressSimulation\src\HumanFortress.App\States\FortressState.cs(900,21): warning CS8604: Possible null reference argument for parameter 'obj' in 'void CellSurfaceEditor.SetGlyph(ISurface obj, int x, int y, int glyph, Color foreground, Color background)'. [C:\Users\User\Desktop\humanfortress\TheFortressSimulation\src\HumanFortress.App\HumanFortress.App.csproj]
C:\Users\User\Desktop\humanfortress\TheFortressSimulation\src\HumanFortress.App\States\FortressState.cs(923,25): warning CS8604: Possible null reference argument for parameter 'obj' in 'void CellSurfaceEditor.SetGlyph(ISurface obj, int x, int y, int glyph, Color foreground, Color background)'. [C:\Users\User\Desktop\humanfortress\TheFortressSimulation\src\HumanFortress.App\HumanFortress.App.csproj]
C:\Users\User\Desktop\humanfortress\TheFortressSimulation\src\HumanFortress.App\States\FortressState.cs(931,23): warning CS8602: Dereference of a possibly null reference. [C:\Users\User\Desktop\humanfortress\TheFortressSimulation\src\HumanFortress.App\HumanFortress.App.csproj]
C:\Users\User\Desktop\humanfortress\TheFortressSimulation\src\HumanFortress.App\States\FortressState.cs(958,23): warning CS8602: Dereference of a possibly null reference. [C:\Users\User\Desktop\humanfortress\TheFortressSimulation\src\HumanFortress.App\HumanFortress.App.csproj]
C:\Users\User\Desktop\humanfortress\TheFortressSimulation\src\HumanFortress.App\UI\UiRenderer.cs(858,66): warning CS0618: 'ItemInstance.IsCarried' is obsolete: 'Use CarriedBy/EquippedBy instead' [C:\Users\User\Desktop\humanfortress\TheFortressSimulation\src\HumanFortress.App\HumanFortress.App.csproj]
C:\Users\User\Desktop\humanfortress\TheFortressSimulation\src\HumanFortress.App\States\FortressState.cs(2005,71): warning CS8602: Dereference of a possibly null reference. [C:\Users\User\Desktop\humanfortress\TheFortressSimulation\src\HumanFortress.App\HumanFortress.App.csproj]
C:\Users\User\Desktop\humanfortress\TheFortressSimulation\src\HumanFortress.App\States\FortressState.cs(2024,67): warning CS8602: Dereference of a possibly null reference. [C:\Users\User\Desktop\humanfortress\TheFortressSimulation\src\HumanFortress.App\HumanFortress.App.csproj]
C:\Users\User\Desktop\humanfortress\TheFortressSimulation\src\HumanFortress.App\States\FortressState.cs(47,22): warning CS0414: The field 'FortressState._enhancedMouseHooked' is assigned but its value is never used [C:\Users\User\Desktop\humanfortress\TheFortressSimulation\src\HumanFortress.App\HumanFortress.App.csproj]
C:\Users\User\Desktop\humanfortress\TheFortressSimulation\src\HumanFortress.App\Jobs\HaulJobSystem.cs(311,23): warning CA2211: Non-constant fields should not be visible (https://learn.microsoft.com/dotnet/fundamentals/code-analysis/quality-rules/ca2211) [C:\Users\User\Desktop\humanfortress\TheFortressSimulation\src\HumanFortress.App\HumanFortress.App.csproj]
C:\Users\User\Desktop\humanfortress\TheFortressSimulation\src\HumanFortress.App\Jobs\HaulJobSystem.cs(312,23): warning CA2211: Non-constant fields should not be visible (https://learn.microsoft.com/dotnet/fundamentals/code-analysis/quality-rules/ca2211) [C:\Users\User\Desktop\humanfortress\TheFortressSimulation\src\HumanFortress.App\HumanFortress.App.csproj]
C:\Users\User\Desktop\humanfortress\TheFortressSimulation\src\HumanFortress.App\Jobs\HaulJobSystem.cs(313,23): warning CA2211: Non-constant fields should not be visible (https://learn.microsoft.com/dotnet/fundamentals/code-analysis/quality-rules/ca2211) [C:\Users\User\Desktop\humanfortress\TheFortressSimulation\src\HumanFortress.App\HumanFortress.App.csproj]
C:\Users\User\Desktop\humanfortress\TheFortressSimulation\src\HumanFortress.App\Jobs\HaulJobSystem.cs(310,23): warning CA2211: Non-constant fields should not be visible (https://learn.microsoft.com/dotnet/fundamentals/code-analysis/quality-rules/ca2211) [C:\Users\User\Desktop\humanfortress\TheFortressSimulation\src\HumanFortress.App\HumanFortress.App.csproj]
C:\Users\User\Desktop\humanfortress\TheFortressSimulation\src\HumanFortress.App\UI\ZonesUI.cs(451,36): warning CA1866: Use 'string.StartsWith(char)' instead of 'string.StartsWith(string)' when you have a string with a single char (https://learn.microsoft.com/dotnet/fundamentals/code-analysis/quality-rules/ca1866) [C:\Users\User\Desktop\humanfortress\TheFortressSimulation\src\HumanFortress.App\HumanFortress.App.csproj]
C:\Users\User\Desktop\humanfortress\TheFortressSimulation\src\HumanFortress.App\TestRunner.cs(231,20): warning CA1825: Avoid unnecessary zero-length array allocations.  Use Array.Empty<byte>() instead. (https://learn.microsoft.com/dotnet/fundamentals/code-analysis/quality-rules/ca1825) [C:\Users\User\Desktop\humanfortress\TheFortressSimulation\src\HumanFortress.App\HumanFortress.App.csproj]
C:\Users\User\Desktop\humanfortress\TheFortressSimulation\src\HumanFortress.App\Jobs\MiningJobSystem.cs(516,32): warning CA1845: Use span-based 'string.Concat' and 'AsSpan' instead of 'Substring' (https://learn.microsoft.com/dotnet/fundamentals/code-analysis/quality-rules/ca1845) [C:\Users\User\Desktop\humanfortress\TheFortressSimulation\src\HumanFortress.App\HumanFortress.App.csproj]
C:\Users\User\Desktop\humanfortress\TheFortressSimulation\src\HumanFortress.App\Jobs\MiningJobSystem.cs(518,32): warning CA1845: Use span-based 'string.Concat' and 'AsSpan' instead of 'Substring' (https://learn.microsoft.com/dotnet/fundamentals/code-analysis/quality-rules/ca1845) [C:\Users\User\Desktop\humanfortress\TheFortressSimulation\src\HumanFortress.App\HumanFortress.App.csproj]
C:\Users\User\Desktop\humanfortress\TheFortressSimulation\src\HumanFortress.App\Jobs\MiningJobSystem.cs(520,32): warning CA1845: Use span-based 'string.Concat' and 'AsSpan' instead of 'Substring' (https://learn.microsoft.com/dotnet/fundamentals/code-analysis/quality-rules/ca1845) [C:\Users\User\Desktop\humanfortress\TheFortressSimulation\src\HumanFortress.App\HumanFortress.App.csproj]
C:\Users\User\Desktop\humanfortress\TheFortressSimulation\src\HumanFortress.App\UI\UiRenderer.cs(1033,51): warning CA1845: Use span-based 'string.Concat' and 'AsSpan' instead of 'Substring' (https://learn.microsoft.com/dotnet/fundamentals/code-analysis/quality-rules/ca1845) [C:\Users\User\Desktop\humanfortress\TheFortressSimulation\src\HumanFortress.App\HumanFortress.App.csproj]
C:\Users\User\Desktop\humanfortress\TheFortressSimulation\src\HumanFortress.App\UI\UiRenderer.cs(1034,50): warning CA1845: Use span-based 'string.Concat' and 'AsSpan' instead of 'Substring' (https://learn.microsoft.com/dotnet/fundamentals/code-analysis/quality-rules/ca1845) [C:\Users\User\Desktop\humanfortress\TheFortressSimulation\src\HumanFortress.App\HumanFortress.App.csproj]
    28 Warning(s)
    0 Error(s)

Time Elapsed 00:00:01.87
